2026-07-02 02:34:21,045 | INFO | Подключение к базе данных
2026-07-02 02:34:21,100 | INFO | Соединение с базой закрыто
2026-07-02 02:34:21,700 | INFO | Подключение к базе данных
2026-07-02 02:37:53,290 | INFO | Подключение к базе данных
2026-07-02 02:37:53,291 | INFO | Соединение с базой закрыто
2026-07-02 02:37:53,946 | INFO | Подключение к базе данных
2026-07-02 02:43:57,799 | INFO | Подключение к базе данных
2026-07-02 02:43:57,800 | INFO | Соединение с базой закрыто
2026-07-02 02:43:58,426 | INFO | Подключение к базе данных
2026-07-02 03:20:35,039 | INFO | Подключение к базе данных
2026-07-02 03:20:35,040 | INFO | Соединение с базой закрыто
2026-07-02 03:20:35,679 | INFO | Подключение к базе данных
2026-07-02 03:23:29,550 | INFO | Подключение к базе данных
2026-07-02 03:23:29,551 | INFO | Соединение с базой закрыто
2026-07-02 03:23:30,208 | INFO | Подключение к базе данных
2026-07-02 03:27:42,068 | INFO | Подключение к базе данных
2026-07-02 03:27:42,069 | INFO | Соединение с базой закрыто
2026-07-02 03:27:42,069 | INFO | Подключение к базе данных
2026-07-02 03:27:42,174 | INFO | Соединение с базой закрыто
2026-07-02 03:27:42,783 | ERROR | Traceback (most recent call last):
  File "D:\IT\MAZ-STORAGE-PRO\app.py", line 49, in <module>
    main()
    ~~~~^^
  File "D:\IT\MAZ-STORAGE-PRO\app.py", line 41, in main
    window = MainWindow()
  File "D:\IT\MAZ-STORAGE-PRO\ui\main_window.py", line 52, in __init__
    self.stack.addWidget(PartsPage())
                         ~~~~~~~~~^^
  File "D:\IT\MAZ-STORAGE-PRO\ui\pages\parts_page.py", line 66, in __init__
    self.load_data()
    ~~~~~~~~~~~~~~^^
  File "D:\IT\MAZ-STORAGE-PRO\ui\pages\parts_page.py", line 70, in load_data
    parts = self.service.get_all_parts()
  File "D:\IT\MAZ-STORAGE-PRO\services\part_service.py", line 15, in get_all_parts
    return self.db.fetchall("""
           ~~~~~~~~~~~~~~~~^^^^
        SELECT
        ^^^^^^
    ...<27 lines>...
        ORDER BY p.name
        ^^^^^^^^^^^^^^^
    """)
    ^^^^
  File "D:\IT\MAZ-STORAGE-PRO\services\database_manager.py", line 21, in fetchall
    return self.db.fetchall(query, params)
           ~~~~~~~~~~~~~~~~^^^^^^^^^^^^^^^
  File "D:\IT\MAZ-STORAGE-PRO\database\database.py", line 27, in fetchall
    self.cursor.execute(query, params)
    ~~~~~~~~~~~~~~~~~~~^^^^^^^^^^^^^^^
sqlite3.ProgrammingError: Cannot operate on a closed database.

2026-07-02 03:30:08,699 | INFO | Подключение к базе данных
2026-07-02 03:30:08,700 | INFO | Соединение с базой закрыто
2026-07-02 03:30:08,700 | INFO | Подключение к базе данных
2026-07-02 08:56:10,915 | INFO | Подключение к базе данных
2026-07-02 08:56:10,916 | INFO | Соединение с базой закрыто
2026-07-02 08:56:10,916 | INFO | Подключение к базе данных
2026-07-02 13:14:45,802 | INFO | Подключение к базе данных
2026-07-02 13:14:45,802 | INFO | Соединение с базой закрыто
2026-07-02 13:14:45,803 | INFO | Подключение к базе данных
2026-07-26 18:23:45,752 | INFO | Подключение к базе данных
2026-07-26 18:23:45,759 | INFO | Соединение с базой закрыто
2026-07-26 18:23:45,760 | INFO | Подключение к базе данных
2026-07-26 18:26:46,402 | INFO | Подключение к базе данных
2026-07-26 18:26:46,403 | INFO | Соединение с базой закрыто
2026-07-26 18:26:46,403 | INFO | Подключение к базе данных
2026-07-26 18:29:10,639 | INFO | Подключение к базе данных
2026-07-26 18:29:10,640 | INFO | Соединение с базой закрыто
2026-07-26 18:29:10,640 | INFO | Подключение к базе данных
2026-07-26 18:31:04,593 | INFO | Подключение к базе данных
2026-07-26 18:31:04,594 | INFO | Соединение с базой закрыто
2026-07-26 18:31:04,594 | INFO | Подключение к базе данных
2026-07-26 18:33:51,475 | INFO | Подключение к базе данных
2026-07-26 18:33:51,476 | INFO | Соединение с базой закрыто
2026-07-26 18:33:51,476 | INFO | Подключение к базе данных
2026-07-26 18:36:47,696 | INFO | Подключение к базе данных
2026-07-26 18:36:47,696 | INFO | Соединение с базой закрыто
2026-07-26 18:36:47,697 | INFO | Подключение к базе данных
2026-07-26 18:36:47,753 | INFO | Подключение к базе данных
2026-07-26 18:36:47,955 | ERROR | Traceback (most recent call last):
  File "D:\IT\MAZ-STORAGE-PRO\app.py", line 49, in <module>
    main()
    ~~~~^^
  File "D:\IT\MAZ-STORAGE-PRO\app.py", line 41, in main
    window = MainWindow()
  File "D:\IT\MAZ-STORAGE-PRO\ui\main_window.py", line 21, in __init__
    self.create_ui()
    ~~~~~~~~~~~~~~^^
  File "D:\IT\MAZ-STORAGE-PRO\ui\main_window.py", line 40, in create_ui
    self.parts_page = PartsPage()
                      ~~~~~~~~~^^
  File "D:\IT\MAZ-STORAGE-PRO\ui\pages\parts_page.py", line 66, in __init__
    self.load_data()
    ~~~~~~~~~~~~~~^^
  File "D:\IT\MAZ-STORAGE-PRO\ui\pages\parts_page.py", line 79, in load_data
    QTableWidgetItem(part["article"])
                     ~~~~^^^^^^^^^^^
TypeError: 'Part' object is not subscriptable

2026-07-26 18:43:29,945 | INFO | Подключение к базе данных
2026-07-26 18:43:29,946 | INFO | Соединение с базой закрыто
2026-07-26 18:43:29,946 | INFO | Подключение к базе данных
2026-07-26 18:43:30,015 | INFO | Подключение к базе данных
2026-07-26 18:45:31,923 | INFO | Подключение к базе данных
2026-07-26 18:45:31,924 | INFO | Соединение с базой закрыто
2026-07-26 18:45:31,924 | INFO | Подключение к базе данных
2026-07-26 18:45:31,973 | INFO | Подключение к базе данных
2026-07-26 18:46:45,350 | INFO | Подключение к базе данных
2026-07-26 18:46:45,351 | INFO | Соединение с базой закрыто
2026-07-26 18:46:45,351 | INFO | Подключение к базе данных
2026-07-26 18:46:45,414 | INFO | Подключение к базе данных
2026-07-26 18:48:24,770 | INFO | Подключение к базе данных
2026-07-26 18:48:24,771 | INFO | Соединение с базой закрыто
2026-07-26 18:48:24,772 | INFO | Подключение к базе данных
2026-07-26 18:48:24,874 | INFO | Подключение к базе данных
2026-07-26 18:51:06,295 | INFO | Подключение к базе данных
2026-07-26 18:51:06,296 | INFO | Соединение с базой закрыто
2026-07-26 18:51:06,296 | INFO | Подключение к базе данных
2026-07-26 18:51:06,368 | INFO | Подключение к базе данных
2026-07-26 18:51:06,368 | INFO | Подключение к базе данных
2026-08-01 12:27:20,211 | INFO | Подключение к базе данных
2026-08-01 12:27:20,317 | INFO | Соединение с базой закрыто
2026-08-01 12:27:20,317 | INFO | Подключение к базе данных
2026-08-01 12:27:20,337 | INFO | Подключение к базе данных
2026-08-01 12:27:20,338 | INFO | Соединение с базой закрыто
2026-08-01 12:27:23,759 | INFO | Подключение к базе данных
2026-08-01 12:27:23,759 | INFO | Подключение к базе данных
2026-08-01 12:27:23,760 | INFO | Подключение к базе данных
2026-08-01 15:38:17,517 | INFO | Подключение к базе данных
2026-08-01 15:38:17,518 | INFO | Соединение с базой закрыто
2026-08-01 15:38:17,519 | INFO | Подключение к базе данных
2026-08-01 15:38:17,608 | INFO | Подключение к базе данных
2026-08-01 15:38:17,609 | INFO | Подключение к базе данных
2026-08-01 15:38:17,697 | INFO | Подключение к базе данных
2026-08-01 15:38:17,697 | INFO | Подключение к базе данных
2026-08-01 15:38:17,699 | INFO | Подключение к базе данных
2026-08-01 15:40:38,420 | INFO | Подключение к базе данных
2026-08-01 15:40:38,421 | INFO | Соединение с базой закрыто
2026-08-01 15:40:38,421 | INFO | Подключение к базе данных
2026-08-01 15:40:38,481 | INFO | Подключение к базе данных
2026-08-01 15:40:38,481 | INFO | Подключение к базе данных
2026-08-01 15:40:38,771 | INFO | Подключение к базе данных
2026-08-01 15:40:38,771 | INFO | Подключение к базе данных
2026-08-01 15:40:38,775 | INFO | Подключение к базе данных
2026-08-01 15:40:45,340 | INFO | Подключение к базе данных
2026-08-01 15:40:45,341 | INFO | Подключение к базе данных
2026-08-01 15:40:45,341 | INFO | Подключение к базе данных
2026-08-01 15:40:45,341 | INFO | Подключение к базе данных
2026-08-01 15:44:12,378 | INFO | Подключение к базе данных
2026-08-01 15:44:12,381 | INFO | Соединение с базой закрыто
2026-08-01 15:44:12,381 | INFO | Подключение к базе данных
2026-08-01 15:44:12,437 | INFO | Подключение к базе данных
2026-08-01 15:44:12,438 | INFO | Подключение к базе данных
2026-08-01 15:44:12,607 | INFO | Подключение к базе данных
2026-08-01 15:44:12,607 | INFO | Подключение к базе данных
2026-08-01 15:44:12,609 | INFO | Подключение к базе данных
2026-08-01 15:45:41,079 | INFO | Подключение к базе данных
2026-08-01 15:45:41,080 | INFO | Соединение с базой закрыто
2026-08-01 15:45:41,080 | INFO | Подключение к базе данных
2026-08-01 15:45:41,133 | INFO | Подключение к базе данных
2026-08-01 15:45:41,133 | INFO | Подключение к базе данных
2026-08-01 15:45:41,250 | INFO | Подключение к базе данных
2026-08-01 15:45:41,250 | INFO | Подключение к базе данных
2026-08-01 15:45:41,252 | INFO | Подключение к базе данных
2026-08-01 15:45:59,753 | INFO | Подключение к базе данных
2026-08-01 15:45:59,753 | INFO | Подключение к базе данных
2026-08-01 15:45:59,753 | INFO | Подключение к базе данных
2026-08-01 15:45:59,754 | INFO | Подключение к базе данных
2026-08-01 15:47:42,342 | INFO | Подключение к базе данных
2026-08-01 15:47:42,344 | INFO | Соединение с базой закрыто
2026-08-01 15:47:42,344 | INFO | Подключение к базе данных
2026-08-01 15:47:42,414 | INFO | Подключение к базе данных
2026-08-01 15:47:42,414 | INFO | Подключение к базе данных
2026-08-01 15:47:42,493 | INFO | Подключение к базе данных
2026-08-01 15:47:42,493 | INFO | Подключение к базе данных
2026-08-01 15:47:42,495 | INFO | Подключение к базе данных
2026-08-01 15:47:51,188 | INFO | Подключение к базе данных
2026-08-01 15:47:51,189 | INFO | Подключение к базе данных
2026-08-01 15:47:51,189 | INFO | Подключение к базе данных
2026-08-01 15:47:51,190 | INFO | Подключение к базе данных
2026-08-01 15:47:56,614 | INFO | Подключение к базе данных
2026-08-01 15:47:56,614 | INFO | Подключение к базе данных
2026-08-01 15:47:56,614 | INFO | Подключение к базе данных
2026-08-01 15:47:56,615 | INFO | Подключение к базе данных
